<!DOCTYPE html>
<html lang="en">

<head>
  <meta charset="utf-8">
  <title>Style Guide</title>

  <meta name="description" content="">
  <meta name="generator" content="kss-node">
  <meta name="viewport" content="width=device-width">


  <link rel="stylesheet" href="css/ergosign-style-guide.css">
  <!-- bower:css -->
  <!-- endbower -->
  <link rel="stylesheet" href="libs/devextreme/css/dx.spa.css" />
  <link rel="stylesheet" href="libs/devextreme/css/dx.common.css" />
  <link rel="stylesheet" href="libs/devextreme/css/dx.light.css" />

  <link rel="stylesheet" href="css/documentation.css">
  <link rel="stylesheet" href="css/styles_bootstrap.css">
  <link rel="stylesheet" href="css/styles_devextreme.css">
  <link rel="stylesheet" href="./css/styles.css">
  <style id="inline-kss-hack"></style>
  <style id="inline-kss-hack-desktop" media="screen and (min-width: 992px)" type="text/css"></style>

  <!-- These need to be loaded before the examples (and not at the end with bower/wiredep) because the example script needs to access these. -->
  <script src="libs/jquery/dist/jquery.js"></script>
  <script src="libs/devextreme/js/dx.all.js"></script>
</head>

<body class="es-styleguide show-mainnav" id="kss-node">
  <div class="es-header">
    <div class="es-header-inner">
      <div class="es-header-headline">
        <h2> - </h2>
        <h3>Version  - 19.9.2019</h3>
      </div>
      <div class="es-header-search-bar-wrapper es-search-collapsed">
        <div class="es-header-search-bar">
          <input placeholder="Search in components, descriptions and variations.." class="es-header-search-input">
        </div>
        <div class="es-header-search-results-flyout">
        </div>
      </div>
      <div class="es-header-logo-and-search">
        <div class="es-header-search-bar-container es-search-collapsed">
          <button class="es-header-search-button">
            <span class="es-search-search-button es-ico ico-search"></span><span
              class="es-search-close-button es-ico ico-delete"></span>
          </button>
        </div>
        <div class="es-header-divider"></div>
        <img src="img/ergosign-logo.svg" class="es-logo" alt="Ergosign Styleguide" title="Ergosign Styleguide" />
      </div>
    </div>

    <div class="es-header-color-strip">
      <div class="es-header-color-strip-yellow"></div>
      <div class="es-header-color-strip-red"></div>
      <div class="es-header-color-strip-blue"></div>
    </div>
  </div>

  <div class="es-mainnav-wrapper">
    <ul class="es-mainnav">
          <li>
            <a href="index.html" class="es-active-section">
              <span class="es-mainnav-title">Overview</span></a>
          </li>
        <li>
          <a
            class="es-mainnav-item  nav-collapsed ">
            <span class="nav-item-disclosure-icon es-ico ico-disclosuredown"></span>
            <span class="es-mainnav-title">Test Section</span></a>
          <ul id="subsection-sectionabc-test"
            class="submenu-collapsed">
              <li class="">
                <a href="overview-angularnewjson.html">
                  <span class="es-mainnav-subtitle">Test Section Angular</span></a>
              </li>
              <li class="">
                <a href="overview-newjsonpath.html">
                  <span class="es-mainnav-subtitle"></span></a>
              </li>
          </ul>
        </li>
    </ul>
  </div>

  <article role="main" class="es-main-content">

      <div class="es-section-header es-section-header--level-1">

        <div class="es-section-title">
          <div class="es-section-anchor" id=""></div>
          <h1>Overview</h1>
              <a href="#"><span class="es-ico ico-link"></span></a>
        </div>

      </div>

  </article>

  <!-- bower:js -->
  <!-- endbower -->

  <script src="js/init-uxhub-vanilla.min.js"></script>
  <script src="js/init-uxhub-bootstrap.min.js"></script>
  <!--<script src="js/init-uxhub-devextreme.min.js"></script>-->

  <script src="js/init.js"></script>

  <script src="./js/ergosign-style-guide.min.js"></script>
  <script src="./js/prettify.js"></script>

  <script>
    prettyPrint();
  </script>

  

  
</body>

</html>
