<!DOCTYPE html>
<html lang="en">

<head>
  <meta charset="utf-8">
  <title>Style Guide</title>

  <meta name="description" content="">
  <meta name="generator" content="kss-node">
  <meta name="viewport" content="width=device-width">


  <link rel="stylesheet" href="css/ergosign-style-guide.css">

  <link rel="stylesheet" href="css/documentation.css">
  <link rel="stylesheet" href="./css/styles.css">
  <style id="inline-kss-hack"></style>
  <style id="inline-kss-hack-desktop" media="screen and (min-width: 992px)" type="text/css"></style>

  <!-- These need to be loaded before the examples (and not at the end with bower/wiredep) because the example script needs to access these. -->
  <script src="libs/jquery/dist/jquery.js"></script>
</head>

<body class="es-styleguide show-mainnav" id="kss-node">
  <div class="es-header">
    <div class="es-header-inner">
      <div class="es-header-headline">
        <h2> - </h2>
        <h3>Version  - 24.9.2019</h3>
      </div>
      <div class="es-header-search-bar-wrapper es-search-collapsed">
        <div class="es-header-search-bar">
          <input placeholder="Search in components, descriptions and variations.." class="es-header-search-input">
        </div>
        <div class="es-header-search-results-flyout">
        </div>
      </div>
      <div class="es-header-logo-and-search">
        <div class="es-header-search-bar-container es-search-collapsed">
          <button class="es-header-search-button">
            <span class="es-search-search-button es-ico ico-search"></span><span
              class="es-search-close-button es-ico ico-delete"></span>
          </button>
        </div>
        <div class="es-header-divider"></div>
        <img src="img/ergosign-logo.svg" class="es-logo" alt="Ergosign Styleguide" title="Ergosign Styleguide" />
      </div>
    </div>

    <div class="es-header-color-strip">
      <div class="es-header-color-strip-yellow"></div>
      <div class="es-header-color-strip-red"></div>
      <div class="es-header-color-strip-blue"></div>
    </div>
  </div>

  <div class="es-mainnav-wrapper">
    <ul class="es-mainnav">
          <li>
            <a href="index.html" class="">
              <span class="es-mainnav-title">Overview</span></a>
          </li>
        <li>
          <a
            class="es-mainnav-item es-active-section ">
            <span class="nav-item-disclosure-icon es-ico ico-disclosuredown"></span>
            <span class="es-mainnav-title">Test Section</span></a>
          <ul id="subsection-sectionabc-test"
            class=" ">
              <li class="">
                <a href="overview-angularnewjson.html">
                  <span class="es-mainnav-subtitle">Test Section Angular</span></a>
              </li>
              <li class="es-active-subsection">
                <a href="overview-newjsonpath.html">
                  <span class="es-mainnav-subtitle"></span></a>
              </li>
          </ul>
        </li>
    </ul>
  </div>

  <article role="main" class="es-main-content">

      <div class="es-section-header es-section-header--level-2">

        <div class="es-section-title">
          <div class="es-section-anchor" id="sectionRef-test-section-newjsonpath"></div>
          <h2></h2>
        </div>

      </div>

      <div class="es-section-header es-section-header--level-3">

        <div class="es-section-title">
          <div class="es-section-anchor" id="sectionRef-test-section-123"></div>
          <h3>Test Section new Json Path</h3>
              <a href="#sectionRef-test-section-123"><span class="es-ico ico-link"></span></a>
        </div>

      </div>

        <div class="es-section-example">
          <div>
            <div class="es-section-markup es-section-markup--collapsed">
              <div class="es-section-markup-togglebtn">
                <span class="es-ico ico-disclosuredown"></span>HTML
              </div>

              <div class="es-section-markup-codebox">
                <pre class="prettyprint linenums lang-html">
                  <code data-language="html">&lt;div class&#x3D;&quot;doesthiswork [modifier_class]&quot;&gt;
    &lt;a href&#x3D;&quot;#12345&quot;&gt;BIG TEXT NEW JSON&lt;/a&gt;
&lt;/div&gt;</code>
                  <div class="es-section-markup-divider"></div>
                </pre>
                <button class="codebox-copy-button" data-clipboard-text="<div class="doesthiswork [modifier_class]">
    <a href="#12345">BIG TEXT NEW JSON</a>
</div>">
                  <span class="es-ico ico-copy"></span>
                </button>
              </div>
            </div>
          </div>
        </div>
      <div class="es-section-header es-section-header--level-3">

        <div class="es-section-title">
          <div class="es-section-anchor" id="sectionRef-test-section-345"></div>
          <h3>Test Section new Json Path out</h3>
              <a href="#sectionRef-test-section-345"><span class="es-ico ico-link"></span></a>
        </div>

      </div>

        <div class="es-section-example">
          <div>
            <div class="es-section-markup es-section-markup--collapsed">
              <div class="es-section-markup-togglebtn">
                <span class="es-ico ico-disclosuredown"></span>HTML
              </div>

              <div class="es-section-markup-codebox">
                <pre class="prettyprint linenums lang-html">
                  <code data-language="html">&lt;div class&#x3D;&quot;doesthiswork [modifier_class]&quot;&gt;
    &lt;a href&#x3D;&quot;#12345&quot;&gt;BIG TEXT NEW JSON&lt;/a&gt;
&lt;/div&gt;</code>
                  <div class="es-section-markup-divider"></div>
                </pre>
                <button class="codebox-copy-button" data-clipboard-text="<div class="doesthiswork [modifier_class]">
    <a href="#12345">BIG TEXT NEW JSON</a>
</div>">
                  <span class="es-ico ico-copy"></span>
                </button>
              </div>
            </div>
          </div>
        </div>
      <div class="es-section-header es-section-header--level-3">

        <div class="es-section-title">
          <div class="es-section-anchor" id="sectionRef-test-section-678"></div>
          <h3>Test Section Angular</h3>
              <a href="#sectionRef-test-section-678"><span class="es-ico ico-link"></span></a>
        </div>

      </div>

  </article>

  <script src="js/init.js"></script>

  <script src="./js/ergosign-style-guide.min.js"></script>
  <script src="./js/prettify.js"></script>

  <script>
    prettyPrint();
  </script>

  

  
</body>

</html>
